
> seoul-pocket@0.1.0 verify
> npm run check && npm test && npm run build


> seoul-pocket@0.1.0 check
> node scripts/check.mjs

Syntax checked 23 JavaScript modules and 4 JSON files.

> seoul-pocket@0.1.0 test
> node --test tests/*.test.mjs

TAP version 13
# Subtest: private API fails closed without configuration
ok 1 - private API fails closed without configuration
  ---
  duration_ms: 51.084407
  type: 'test'
  ...
# Subtest: private API rejects absent or wrong token
ok 2 - private API rejects absent or wrong token
  ---
  duration_ms: 10.672199
  type: 'test'
  ...
# Subtest: private API rejects cross-origin requests
ok 3 - private API rejects cross-origin requests
  ---
  duration_ms: 1.526592
  type: 'test'
  ...
# Subtest: Naver rejects long search input before an upstream call
ok 4 - Naver rejects long search input before an upstream call
  ---
  duration_ms: 1.67168
  type: 'test'
  ...
# Subtest: Naver exposes normalized metadata, never the credentials
ok 5 - Naver exposes normalized metadata, never the credentials
  ---
  duration_ms: 6.166467
  type: 'test'
  ...
# Subtest: Naver upstream failures return useful errors without a success payload
ok 6 - Naver upstream failures return useful errors without a success payload
  ---
  duration_ms: 2.118123
  type: 'test'
  ...
# Subtest: exchange rate uses the fixed USD/KRW upstream and validates the payload
ok 7 - exchange rate uses the fixed USD/KRW upstream and validates the payload
  ---
  duration_ms: 17.321485
  type: 'test'
  ...
# Subtest: invalid rate provider responses cannot overwrite a saved reference
ok 8 - invalid rate provider responses cannot overwrite a saved reference
  ---
  duration_ms: 0.558542
  type: 'test'
  ...
# Subtest: sync stub never claims that data was uploaded
ok 9 - sync stub never claims that data was uploaded
  ---
  duration_ms: 3.90018
  type: 'test'
  ...
# Subtest: Function middleware sets no-store even when the handler does not
ok 10 - Function middleware sets no-store even when the handler does not
  ---
  duration_ms: 1.120108
  type: 'test'
  ...
# Subtest: vault round-trip encrypts and decrypts Unicode data
ok 11 - vault round-trip encrypts and decrypts Unicode data
  ---
  duration_ms: 350.644449
  type: 'test'
  ...
# Subtest: wrong passphrase fails closed
ok 12 - wrong passphrase fails closed
  ---
  duration_ms: 399.155187
  type: 'test'
  ...
# Subtest: tampered ciphertext is rejected
ok 13 - tampered ciphertext is rejected
  ---
  duration_ms: 402.60042
  type: 'test'
  ...
# Subtest: purpose binding prevents a backup being used as a stay envelope
ok 14 - purpose binding prevents a backup being used as a stay envelope
  ---
  duration_ms: 166.516649
  type: 'test'
  ...
# Subtest: every encryption uses a new salt and IV
ok 15 - every encryption uses a new salt and IV
  ---
  duration_ms: 298.425882
  type: 'test'
  ...
# Subtest: a short door PIN cannot be the vault passphrase
ok 16 - a short door PIN cannot be the vault passphrase
  ---
  duration_ms: 0.602398
  type: 'test'
  ...
# Subtest: hostile KDF work factors and malformed envelopes are rejected before work
ok 17 - hostile KDF work factors and malformed envelopes are rejected before work
  ---
  duration_ms: 5.401153
  type: 'test'
  ...
# Subtest: place normalization preserves Korean, strips whitespace, and bounds fields
ok 18 - place normalization preserves Korean, strips whitespace, and bounds fields
  ---
  duration_ms: 6.251325
  type: 'test'
  ...
# Subtest: places require a name and a safe identifier
ok 19 - places require a name and a safe identifier
  ---
  duration_ms: 0.299742
  type: 'test'
  ...
# Subtest: URL validation rejects scripts, data URLs, embedded credentials, and broken URLs
ok 20 - URL validation rejects scripts, data URLs, embedded credentials, and broken URLs
  ---
  duration_ms: 0.204879
  type: 'test'
  ...
# Subtest: HTML escaping prevents markup and attribute insertion
ok 21 - HTML escaping prevents markup and attribute insertion
  ---
  duration_ms: 0.166591
  type: 'test'
  ...
# Subtest: invalid link input is rejected instead of silently discarded
ok 22 - invalid link input is rejected instead of silently discarded
  ---
  duration_ms: 0.421004
  type: 'test'
  ...
# Subtest: calendar validation catches impossible dates
ok 23 - calendar validation catches impossible dates
  ---
  duration_ms: 0.549158
  type: 'test'
  ...
# Subtest: currency handles commas, decimals, and both directions
ok 24 - currency handles commas, decimals, and both directions
  ---
  duration_ms: 0.293362
  type: 'test'
  ...
# Subtest: currency rejects partial, negative, huge, and exponent input
ok 25 - currency rejects partial, negative, huge, and exponent input
  ---
  duration_ms: 0.221904
  type: 'test'
  ...
# Subtest: provider rate validates pair and date
ok 26 - provider rate validates pair and date
  ---
  duration_ms: 13.193761
  type: 'test'
  ...
# Subtest: staleness is based on provider date, not fetch time
ok 27 - staleness is based on provider date, not fetch time
  ---
  duration_ms: 1.084865
  type: 'test'
  ...
# Subtest: trip dates use Seoul even when it is yesterday in the US
ok 28 - trip dates use Seoul even when it is yesterday in the US
  ---
  duration_ms: 32.229391
  type: 'test'
  ...
# Subtest: Naver links encode text and include the web app identifier
ok 29 - Naver links encode text and include the web app identifier
  ---
  duration_ms: 0.921019
  type: 'test'
  ...
# Subtest: missing coordinates yield search links, not invented directions
ok 30 - missing coordinates yield search links, not invented directions
  ---
  duration_ms: 0.268756
  type: 'test'
  ...
# Subtest: Naver scaled WGS84 normalization and legacy-coordinate rejection
ok 31 - Naver scaled WGS84 normalization and legacy-coordinate rejection
  ---
  duration_ms: 0.526644
  type: 'test'
  ...
# Subtest: half coordinates and out-of-region coordinates are rejected
ok 32 - half coordinates and out-of-region coordinates are rejected
  ---
  duration_ms: 0.214172
  type: 'test'
  ...
# Subtest: sync conflict reducer never silently accepts an overwrite
ok 33 - sync conflict reducer never silently accepts an overwrite
  ---
  duration_ms: 0.323597
  type: 'test'
  ...
# Subtest: seed content has unique IDs and required phrase fields
ok 34 - seed content has unique IDs and required phrase fields
  ---
  duration_ms: 0.374054
  type: 'test'
  ...
# Subtest: backup validation rejects unsupported versions and missing photo references
ok 35 - backup validation rejects unsupported versions and missing photo references
  ---
  duration_ms: 0.327393
  type: 'test'
  ...
# Subtest: worker install precaches actual assets, without forcing activation
ok 36 - worker install precaches actual assets, without forcing activation
  ---
  duration_ms: 10.288491
  type: 'test'
  ...
# Subtest: failed install removes partial new cache
ok 37 - failed install removes partial new cache
  ---
  duration_ms: 1.026207
  type: 'test'
  ...
# Subtest: offline navigation returns cached shell without a network request
ok 38 - offline navigation returns cached shell without a network request
  ---
  duration_ms: 0.759495
  type: 'test'
  ...
# Subtest: worker bypasses API, POST, and third-party requests
ok 39 - worker bypasses API, POST, and third-party requests
  ---
  duration_ms: 0.609369
  type: 'test'
  ...
# Subtest: readiness detects a missing cached asset rather than claiming ready
ok 40 - readiness detects a missing cached asset rather than claiming ready
  ---
  duration_ms: 1.032667
  type: 'test'
  ...
# Subtest: activation preserves one previous app cache and other apps
ok 41 - activation preserves one previous app cache and other apps
  ---
  duration_ms: 1.747435
  type: 'test'
  ...
1..41
# tests 41
# suites 0
# pass 41
# fail 0
# cancelled 0
# skipped 0
# todo 0
# duration_ms 1732.21906

> seoul-pocket@0.1.0 build
> node scripts/build.mjs

{
  "version": "5e79b2c6970ec84b",
  "generatedAt": "2026-09-08T02:20:58.317Z",
  "assets": 17,
  "totalBytes": 107505
}
